Microsoft Windows [Version 10.0.10586]
(c) 2015 Microsoft Corporation. All rights reserved.

C:\Users\Narender>C:\Users\username>npm install -g cordova
'C:\Users\username' is not recognized as an internal or external command,
operable program or batch file.

C:\Users\Narender>npm install -g cordova
npm WARN deprecated node-uuid@1.4.7: use uuid module instead
C:\Users\Narender\AppData\Roaming\npm\cordova -> C:\Users\Narender\AppData\Roaming\npm\node_modules\cordova\bin\cordova
cordova@6.4.0 C:\Users\Narender\AppData\Roaming\npm\node_modules\cordova
+-- underscore@1.7.0
+-- q@1.0.1
+-- nopt@3.0.1 (abbrev@1.0.9)
+-- update-notifier@0.5.0 (is-npm@1.0.0, semver-diff@2.1.0, string-length@1.0.1, chalk@1.1.3, repeating@1.1.3, configstore@1.4.0, latest-version@1.0.1)
+-- insight@0.8.4 (object-assign@4.1.0, async@1.5.2, uuid@3.0.1, lodash.debounce@3.1.1, tough-cookie@2.3.2, chalk@1.1.3, os-name@1.0.3, configstore@1.4.0, request@2.79.0, inquirer@0.10.1)
+-- cordova-common@1.5.1 (cordova-registry-mapper@1.1.15, unorm@1.4.1, underscore@1.8.3, q@1.4.1, semver@5.3.0, ansi@0.3.1, osenv@0.1.4, bplist-parser@0.1.1, shelljs@0.5.3, glob@5.0.15, minimatch@3.0.3, elementtree@0.1.6, plist@1.2.0)
+-- cordova-lib@6.4.0 (cordova-registry-mapper@1.1.15, valid-identifier@0.0.1, unorm@1.3.3, opener@1.4.1, properties-parser@0.2.3, semver@4.3.6, nopt@3.0.6, shelljs@0.3.0, dep-graph@1.1.0, glob@5.0.15, elementtree@0.1.6, xcode@0.8.9, request@2.47.0, cordova-serve@1.0.1, tar@1.0.2, aliasify@1.9.0, init-package-json@1.9.4, cordova-fetch@1.0.1, cordova-create@1.0.1, plist@1.2.0, cordova-js@4.2.0, npm@2.15.11)

C:\Users\Narender>cordova platform add windows
? May Cordova anonymously report usage statistics to improve the tool over time? Yes

Thanks for opting into telemetry to help us improve cordova.
Error: Current working directory is not a Cordova-based project.

C:\Users\Narender>C:\Users\username>cordova build android
'C:\Users\username' is not recognized as an internal or external command,
operable program or batch file.

C:\Users\Narender>cordova create CordovaProject io.cordova.hellocordova CordovaApp
Using detached cordova-create
Creating a new cordova project.

C:\Users\Narender>cd
C:\Users\Narender

C:\Users\Narender>cd CordovaProject

C:\Users\Narender\CordovaProject>cordova platform add windows
Adding windows project...
Creating Cordova Windows Project:
        Path: platforms\windows
        Namespace: io.cordova.hellocordova
        Name: CordovaApp
Windows project created with cordova-windows@4.4.3
Discovered plugin "cordova-plugin-whitelist" in config.xml. Adding it to the project
Fetching plugin "cordova-plugin-whitelist@1" via npm
Installing "cordova-plugin-whitelist" for windows

C:\Users\Narender\CordovaProject>cordova build android
 Using this version of Cordova with older version of cordova-android is being deprecated. Consider upgrading to cordova-android@5.0.0 or newer.
Error: The provided path "C:\Users\Narender\CordovaProject\platforms\android" is not an Android project.

C:\Users\Narender\CordovaProject>cordova build windows
Building project: C:\Users\Narender\CordovaProject\platforms\windows\CordovaApp.Windows.jsproj
        Configuration : debug
        Platform      : anycpu
  Patching 8.1 in prebuild event...
  Injected base.js reference to the www/index.html
  Removing /( *)(<script\s+(?:type="text\/javascript"\s+)?src="\/www\/WinJS\/js\/base.js">\s*<\/script>)(\s*)/ from www/index.html
  Removing /( *)(<script\s+(?:type="text\/javascript"\s+)?src="\/\/Microsoft.Phone.WinJS.2.1\/js\/base.js">\s*<\/script>)(\s*)/ from www/index.html
  CordovaApp.Windows -> C:\Users\Narender\CordovaProject\platforms\windows\AppPackages\CordovaApp.Windows_1.0.0.0_anycpu_debug_Test\CordovaApp.Windows_1.0.0.0_anycpu_debug.appx
  CordovaApp.Windows -> C:\Users\Narender\CordovaProject\platforms\windows\AppPackages\CordovaApp.Windows_1.0.0.0_anycpu_debug.appxupload
  Your package has been successfully created.
Building project: C:\Users\Narender\CordovaProject\platforms\windows\CordovaApp.Phone.jsproj
        Configuration : debug
        Platform      : anycpu
Error: Windows Phone SDK not found. Ensure that you have installed Windows Phone 8.1 SDK along with Visual Studio or install Windows Phone 8.1 SDK separately from https://dev.windows.com/develop/download-phone-sdk

C:\Users\Narender\CordovaProject>